use 5.42.0;
use utf8;
use experimental 'class';
class Chalk::Bootstrap::Optimizer::Pass {
    method name() {
        die 'Subclass must implement name()';
    }
    method scope() {
        die 'Subclass must implement scope()';
    }
    method run($input) {
        die 'Subclass must implement run()';
    }
}
